BEGIN:VALARM
ACTION:AUDIO
ATTACH;FMTTYPE=audio/basic:ftp://host.com/pub/sounds/bell-01.aud
DURATION:PT15M
REPEAT:4
TRIGGER;VALUE=DATE-TIME:19970317T133000Z
END:VALARM
