BEGIN:VALARM
ACTION:PROCEDURE
ATTACH;FMTTYPE=application/binary:ftp://host.com/novo-
 procs/felizano.exe
DURATION:PT1H
REPEAT:23
TRIGGER;VALUE=DATE-TIME:19980101T050000Z
END:VALARM
