BEGIN:VALARM
ACTION:DISPLAY
DESCRIPTION:Breakfast meeting with executive\n
 team at 8:30 AM EST.
DURATION:PT15M
REPEAT:2
TRIGGER:-PT30M
END:VALARM
