BEGIN:VEVENT
CLASS:CONFIDENTIAL
DTSTART;VALUE=DATE:19971102
DTSTAMP:19970901T130000Z
SUMMARY:Our Blissful Anniversary
UID:19970901T130000Z-123403@host.com
CATEGORIES:ANNIVERSARY,PERSONAL,SPECIAL OCCASION
RRULE:FREQ=YEARLY
END:VEVENT
