BEGIN:VEVENT
CLASS:PUBLIC
DTSTART:19970401T163000Z
DTSTAMP:19970901T130000Z
SUMMARY:Laurel is in sensitivity awareness class.
TRANSP:TRANSPARENT
UID:19970901T130000Z-123402@host.com
DTEND:19970402T010000Z
CATEGORIES:BUSINESS,HUMAN RESOURCES
END:VEVENT
