BEGIN:VEVENT
CLASS:PRIVATE
DTSTART:19970903T163000Z
DTSTAMP:19970901T130000Z
SUMMARY:Annual Employee Review
UID:19970901T130000Z-123401@host.com
DTEND:19970903T190000Z
CATEGORIES:BUSINESS,HUMAN RESOURCES
END:VEVENT
