BEGIN:VFREEBUSY
DTSTART:19980313T141711Z
DTEND:19980410T141711Z
ORGANIZER:jsmith@host.com
URL:http://www.host.com/calendar/busytime/jsmith.ifb
FREEBUSY:19980314T233000Z/19980315T003000Z
FREEBUSY:19980316T153000Z/19980316T163000Z
FREEBUSY:19980318T030000Z/19980318T040000Z
END:VFREEBUSY
