BEGIN:VFREEBUSY
DTSTAMP:19970901T100000Z
ORGANIZER:MAILTO:jane_doe@host1.com
URL:http://host2.com/pub/busy/jpublic-01.ifb
ATTENDEE:MAILTO:john_public@host2.com
COMMENT:This iCalendar file contains busy time information for
 the next three months.
FREEBUSY;VALUE=PERIOD:19971015T050000Z/PT8H30M,19971015T160000Z/
 PT5H30M,19971015T223000Z/PT6H30M
END:VFREEBUSY
