BEGIN:VFREEBUSY
DTSTART:19971015T050000Z
DTEND:19971016T050000Z
DTSTAMP:19970901T083000Z
ORGANIZER:MAILTO:jane_doe@host1.com
ATTENDEE:MAILTO:john_public@host2.com
END:VFREEBUSY
