BEGIN:VJOURNAL
DESCRIPTION:1. Staff meeting: Participants include Joe\, Lisa
 and Bob. Aurora project plans were reviewed. There is currently
 no budget reserves for this project. Lisa will escalate to
 management. Next meeting on Tuesday.\n
 2. Telephone Conference: ABC Corp. sales representative called
 to discuss new printer. Promised to get us a demo by Friday.\n
 3. Henry Miller (Handsoff Insurance): Car was totaled by tree.
 Is looking into a loaner car. 654-2323 (tel).
DTSTART;VALUE=DATE:19970317
DTSTAMP:19970901T130000Z
SUMMARY:Staff meeting minutes
UID:19970901T130000Z-123405@host.com
END:VJOURNAL
