BEGIN:VTODO
CLASS:CONFIDENTIAL
DTSTAMP:19970901T130000Z
DTSTART:19970415T133000Z
PRIORITY:1
STATUS:NEEDS-ACTION
SUMMARY:1996 Income Tax Preparation
UID:19970901T130000Z-123404@host.com
DUE:19970416T045959Z
CATEGORIES:FAMILY,FINANCE
END:VTODO
